|relation
|head
|	|identifier = 'f'

|relation
|head
|	|identifier = 'f'

|relation
|head
|	|identifier = 'f'

|relation
|head
|	|identifier = 'f'