|relation
|	|head
|	|	|identifier = 'ffffffffffffffffffffffffffffffffffffffffffffffffffffffffffff'
|	|body
|	|	|atom
|	|	|	|identifier = 'fffffffffffffffffffffffffffffffffffffffffffff'
|	|	|	|identifier = 'hgfshfdg'
|	|	|	|identifier = 'fshgdsjhgsjd'
|	|	|	|identifier = 'sdhgsajd'
|	|	|	|identifier = 'sdgh'
|	|	|	|identifier = 'jhgdhsgajd'
|	|	|	|identifier = 'gsjdhg'
|	|	|	|identifier = 'ajshdg'
|	|	|	|identifier = 'ajshgdj'
|	|	|	|identifier = 'asgdja'
|	|	|	|identifier = 'gjdgaj'